// Jest Snapshot v1, https://goo.gl/fbAQLP

exports[`SyncInput test should match snapshot 1`] = `
<WithStyles(ForwardRef(TextField))
  defaultValue={100}
  label="Sync"
  select={true}
  variant="outlined"
>
  <WithStyles(ForwardRef(MenuItem))
    key="0"
    value={40}
  >
    Lvl. 
    1
     (
    40
     Sync)
  </WithStyles(ForwardRef(MenuItem))>
  <WithStyles(ForwardRef(MenuItem))
    key="1"
    value={50}
  >
    Lvl. 
    2
     (
    50
     Sync)
  </WithStyles(ForwardRef(MenuItem))>
  <WithStyles(ForwardRef(MenuItem))
    key="2"
    value={60}
  >
    Lvl. 
    3
     (
    60
     Sync)
  </WithStyles(ForwardRef(MenuItem))>
  <WithStyles(ForwardRef(MenuItem))
    key="3"
    value={70}
  >
    Lvl. 
    4
     (
    70
     Sync)
  </WithStyles(ForwardRef(MenuItem))>
  <WithStyles(ForwardRef(MenuItem))
    key="4"
    value={80}
  >
    Lvl. 
    5
     (
    80
     Sync)
  </WithStyles(ForwardRef(MenuItem))>
  <WithStyles(ForwardRef(MenuItem))
    key="5"
    value={90}
  >
    Lvl. 
    6
     (
    90
     Sync)
  </WithStyles(ForwardRef(MenuItem))>
  <WithStyles(ForwardRef(MenuItem))
    key="6"
    value={100}
  >
    Lvl. 
    7
     (
    100
     Sync)
  </WithStyles(ForwardRef(MenuItem))>
</WithStyles(ForwardRef(TextField))>
`;
