// Jest Snapshot v1, https://goo.gl/fbAQLP

exports[`StepsInput test should match snapshot 1`] = `
<IntegerInput
  label="Steps"
  min={0}
  onChange={[MockFunction]}
  variant="outlined"
/>
`;
